[templates.iqonic.design/coinex-dist/dashboard/index.php]
[templates.iqonic.design/coinex-dist/dashboard/special-pages/portfolio.html]
[templates.iqonic.design/coinex-dist/dashboard/special-pages/academy.html]
[templates.iqonic.design/coinex-dist/dashboard/special-pages/watchlist.html]
[templates.iqonic.design/coinex-dist/dashboard/special-pages/trading.html]
[templates.iqonic.design/coinex-dist/dashboard/special-pages/list.html]
[templates.iqonic.design/coinex-dist/dashboard/auth/sign-in.html]
[templates.iqonic.design/coinex-dist/dashboard/auth/sign-up.html]
[templates.iqonic.design/coinex-dist/dashboard/app/user-profile.html]
[templates.iqonic.design/coinex-dist/dashboard/app/user-add.html]
[templates.iqonic.design/coinex-dist/dashboard/widget/widgetchart.html]
[templates.iqonic.design/coinex-dist/dashboard/app/user-privacy-setting.html]
[templates.iqonic.design/coinex-dist/dashboard/auth/confirm-mail.html]
[backblue.gif]
[fade.gif]
[index.html]
[templates.iqonic.design/coinex-dist/dashboard/assets/images/favicon.ico]
[templates.iqonic.design/coinex-dist/dashboard/assets/css/core/libs.min.css]
[templates.iqonic.design/coinex-dist/dashboard/assets/css/custom.min862f.css]
[templates.iqonic.design/coinex-dist/dashboard/assets/css/coinex.min862f.css]
[fonts.googleapis.com/index.html]
[templates.iqonic.design/coinex-dist/dashboard/auth/sign-in-1.html]
[templates.iqonic.design/coinex-dist/dashboard/auth/confirm-mail-1.html]
[templates.iqonic.design/coinex-dist/dashboard/auth/lock-screen.html]
[templates.iqonic.design/coinex-dist/dashboard/auth/recoverpw.html]
[templates.iqonic.design/coinex-dist/dashboard/auth/sign-up-1.html]
[templates.iqonic.design/coinex-dist/dashboard/app/user-list.html]
[templates.iqonic.design/coinex-dist/dashboard/auth/lock-screen-1.html]
[templates.iqonic.design/coinex-dist/dashboard/auth/recoverpw-1.html]
[templates.iqonic.design/coinex-dist/dashboard/errors/maintenance.html]
[templates.iqonic.design/coinex-dist/dashboard/errors/error404.html]
[templates.iqonic.design/coinex-dist/dashboard/ui-elements/ui-avatars.html]
[templates.iqonic.design/coinex-dist/dashboard/errors/error500.html]
[templates.iqonic.design/coinex-dist/dashboard/ui-elements/ui-alerts.html]
[templates.iqonic.design/coinex-dist/dashboard/ui-elements/ui-badges.html]
[templates.iqonic.design/coinex-dist/dashboard/ui-elements/ui-breadcrumb.html]
[templates.iqonic.design/coinex-dist/dashboard/ui-elements/ui-buttons.html]
[templates.iqonic.design/coinex-dist/dashboard/ui-elements/ui-buttons-group.html]
[templates.iqonic.design/coinex-dist/dashboard/ui-elements/ui-boxshadow.html]
[templates.iqonic.design/coinex-dist/dashboard/ui-elements/ui-color.html]
[templates.iqonic.design/coinex-dist/dashboard/ui-elements/ui-cards.html]
[templates.iqonic.design/coinex-dist/dashboard/ui-elements/ui-carousel.html]
[templates.iqonic.design/coinex-dist/dashboard/ui-elements/ui-grid.html]
[templates.iqonic.design/coinex-dist/dashboard/ui-elements/ui-helper-classes.html]
[templates.iqonic.design/coinex-dist/dashboard/ui-elements/ui-images.html]
[templates.iqonic.design/coinex-dist/dashboard/ui-elements/ui-list-group.html]
[templates.iqonic.design/coinex-dist/dashboard/ui-elements/ui-modal.html]
[templates.iqonic.design/coinex-dist/dashboard/ui-elements/ui-notifications.html]
[templates.iqonic.design/coinex-dist/dashboard/ui-elements/ui-pagination.html]
[templates.iqonic.design/coinex-dist/dashboard/ui-elements/ui-popovers.html]
[templates.iqonic.design/coinex-dist/dashboard/ui-elements/ui-typography.html]
[templates.iqonic.design/coinex-dist/dashboard/ui-elements/ui-tabs.html]
[templates.iqonic.design/coinex-dist/dashboard/ui-elements/ui-tooltips.html]
[templates.iqonic.design/coinex-dist/dashboard/ui-elements/ui-embed-video.html]
[templates.iqonic.design/coinex-dist/dashboard/widget/widgetbasic.html]
[templates.iqonic.design/coinex-dist/dashboard/widget/widgetcard.html]
[templates.iqonic.design/coinex-dist/dashboard/maps/google.html]
[templates.iqonic.design/coinex-dist/dashboard/maps/vector.html]
[templates.iqonic.design/coinex-dist/dashboard/form/form-element.html]
[templates.iqonic.design/coinex-dist/dashboard/form/form-wizard.html]
[templates.iqonic.design/coinex-dist/dashboard/form/form-validation.html]
[templates.iqonic.design/coinex-dist/dashboard/table/bootstrap-table.html]
[templates.iqonic.design/coinex-dist/dashboard/table/table-data.html]
[templates.iqonic.design/coinex-dist/dashboard/icons/solid.html]
[templates.iqonic.design/coinex-dist/dashboard/icons/outline.html]
[templates.iqonic.design/coinex-dist/dashboard/assets/images/coins/13.png]
[templates.iqonic.design/coinex-dist/dashboard/icons/dual-tone.html]
[templates.iqonic.design/coinex-dist/dashboard/assets/images/avatars/01.png]
[templates.iqonic.design/coinex-dist/dashboard/assets/images/avatars/02.png]
[templates.iqonic.design/coinex-dist/dashboard/assets/images/avatars/03.png]
[templates.iqonic.design/coinex-dist/dashboard/assets/images/avatars/04.png]
[templates.iqonic.design/coinex-dist/dashboard/assets/images/utilities/05.png]
[templates.iqonic.design/coinex-dist/dashboard/assets/images/utilities/03.png]
[templates.iqonic.design/coinex-dist/dashboard/assets/images/utilities/04.png]
[templates.iqonic.design/coinex-dist/dashboard/assets/images/coins/02.png]
[templates.iqonic.design/coinex-dist/dashboard/assets/images/coins/03.png]
[templates.iqonic.design/coinex-dist/dashboard/assets/images/coins/06.png]
[templates.iqonic.design/coinex-dist/dashboard/assets/images/coins/01.png]
[templates.iqonic.design/coinex-dist/dashboard/assets/images/coins/08.png]
[templates.iqonic.design/coinex-dist/dashboard/assets/images/coins/14.png]
[templates.iqonic.design/coinex-dist/dashboard/assets/images/coins/09.png]
[templates.iqonic.design/coinex-dist/dashboard/assets/images/avatars/05.png]
[templates.iqonic.design/coinex-dist/dashboard/assets/images/avatars/06.png]
[templates.iqonic.design/coinex-dist/dashboard/extra/privacy-policy.html]
[templates.iqonic.design/coinex-dist/dashboard/extra/terms-of-service.html]
[templates.iqonic.design/coinex-dist/dashboard/assets/js/core/libs.min.js]
[templates.iqonic.design/coinex-dist/dashboard/assets/js/charts/widgetcharts.js]
[templates.iqonic.design/coinex-dist/dashboard/assets/js/core/external.min.js]
[templates.iqonic.design/coinex-dist/dashboard/assets/vendor/gsap/gsap.min.js]
[templates.iqonic.design/coinex-dist/dashboard/assets/vendor/gsap/ScrollTrigger.min.js]
[templates.iqonic.design/coinex-dist/dashboard/assets/js/fslightbox.js]
[templates.iqonic.design/coinex-dist/dashboard/assets/js/charts/vector-chart.js]
[templates.iqonic.design/coinex-dist/dashboard/assets/js/charts/dashboard.js]
[templates.iqonic.design/coinex-dist/dashboard/assets/js/coinex.js]
[templates.iqonic.design/coinex-dist/dashboard/assets/js/charts/apexcharts.js]
[templates.iqonic.design/coinex-dist/dashboard/assets/js/gsap.js]
[templates.iqonic.design/coinex-dist/dashboard/index.php]
[templates.iqonic.design/coinex-dist/dashboard/special-pages/portfolio.html]
[templates.iqonic.design/coinex-dist/dashboard/assets/images/special-pages/academy/01.png]
[templates.iqonic.design/coinex-dist/dashboard/assets/images/special-pages/academy/1.png]
[templates.iqonic.design/coinex-dist/dashboard/assets/images/special-pages/academy/2.png]
[templates.iqonic.design/coinex-dist/dashboard/assets/images/special-pages/academy/3.png]
[templates.iqonic.design/coinex-dist/dashboard/assets/images/special-pages/academy/4.png]
[templates.iqonic.design/coinex-dist/dashboard/special-pages/academy.html]
[templates.iqonic.design/coinex-dist/dashboard/special-pages/trading.html]
[templates.iqonic.design/coinex-dist/dashboard/special-pages/watchlist.html]
[templates.iqonic.design/coinex-dist/dashboard/assets/js/charts/tablechart.js]
[templates.iqonic.design/coinex-dist/dashboard/special-pages/list.html]
[templates.iqonic.design/coinex-dist/dashboard/assets/images/auth/01.png]
[templates.iqonic.design/coinex-dist/dashboard/assets/images/brands/01.png]
[templates.iqonic.design/coinex-dist/dashboard/assets/images/brands/02.png]
[templates.iqonic.design/coinex-dist/dashboard/assets/images/brands/03.png]
[templates.iqonic.design/coinex-dist/dashboard/assets/images/brands/04.png]
[templates.iqonic.design/coinex-dist/dashboard/auth/sign-in.html]
[templates.iqonic.design/coinex-dist/dashboard/auth/sign-up.html]
[templates.iqonic.design/coinex-dist/dashboard/assets/images/pages/02-page.png]
[templates.iqonic.design/coinex-dist/dashboard/assets/images/coins/04.png]
[templates.iqonic.design/coinex-dist/dashboard/assets/images/coins/12.png]
[templates.iqonic.design/coinex-dist/dashboard/assets/images/coins/10.png]
[templates.iqonic.design/coinex-dist/dashboard/assets/images/pages/01-page.png]
[templates.iqonic.design/coinex-dist/dashboard/assets/images/coins/05.png]
[templates.iqonic.design/coinex-dist/dashboard/assets/images/coins/07.png]
[templates.iqonic.design/coinex-dist/dashboard/assets/images/brands/06.png]
[templates.iqonic.design/coinex-dist/dashboard/assets/images/brands/05.png]
[templates.iqonic.design/coinex-dist/dashboard/app/user-profile.html]
[templates.iqonic.design/coinex-dist/dashboard/app/user-add.html]
[templates.iqonic.design/coinex-dist/dashboard/widget/widgetchart.html]
[templates.iqonic.design/coinex-dist/dashboard/app/user-privacy-setting.html]
[templates.iqonic.design/coinex-dist/dashboard/auth/confirm-mail.html]
[templates.iqonic.design/coinex-dist/dashboard/assets/css/core/libs.min.css]
[templates.iqonic.design/coinex-dist/dashboard/assets/images/loader.gif]
[templates.iqonic.design/coinex-dist/dashboard/assets/css/coinex.min862f.css]
[templates.iqonic.design/coinex-dist/dashboard/assets/css/custom.min862f.css]
[fonts.googleapis.com/index.html]
[fonts.gstatic.com/index.html]
[fonts.googleapis.com/css2b83f.css]
[templates.iqonic.design/coinex-dist/dashboard/assets/images/logo.svg]
[templates.iqonic.design/coinex-dist/dashboard/auth/sign-in-1.html]
[templates.iqonic.design/coinex-dist/dashboard/auth/sign-up-1.html]
[templates.iqonic.design/coinex-dist/dashboard/auth/confirm-mail-1.html]
[templates.iqonic.design/coinex-dist/dashboard/auth/lock-screen.html]
[templates.iqonic.design/coinex-dist/dashboard/auth/lock-screen-1.html]
[templates.iqonic.design/coinex-dist/dashboard/auth/recoverpw.html]
[templates.iqonic.design/coinex-dist/dashboard/auth/recoverpw-1.html]
[templates.iqonic.design/coinex-dist/dashboard/app/user-list.html]
[templates.iqonic.design/coinex-dist/dashboard/assets/images/error/404.png]
[templates.iqonic.design/coinex-dist/dashboard/errors/error404.html]
[templates.iqonic.design/coinex-dist/dashboard/assets/images/error/500.png]
[templates.iqonic.design/coinex-dist/dashboard/errors/error500.html]
[templates.iqonic.design/coinex-dist/dashboard/assets/images/coins/maintenance.png]
[templates.iqonic.design/coinex-dist/dashboard/assets/js/countdown.js]
[templates.iqonic.design/coinex-dist/dashboard/errors/maintenance.html]
[templates.iqonic.design/coinex-dist/dashboard/ui-elements/ui-avatars.html]
[templates.iqonic.design/coinex-dist/dashboard/ui-elements/ui-alerts.html]
[templates.iqonic.design/coinex-dist/dashboard/ui-elements/ui-badges.html]
[templates.iqonic.design/coinex-dist/dashboard/ui-elements/ui-breadcrumb.html]
[templates.iqonic.design/coinex-dist/dashboard/ui-elements/ui-buttons.html]
[templates.iqonic.design/coinex-dist/dashboard/ui-elements/ui-buttons-group.html]
[templates.iqonic.design/coinex-dist/dashboard/ui-elements/ui-boxshadow.html]
[templates.iqonic.design/coinex-dist/dashboard/ui-elements/ui-color.html]
[templates.iqonic.design/coinex-dist/dashboard/assets/images/page-img/07.jpg]
[templates.iqonic.design/coinex-dist/dashboard/assets/images/page-img/08.jpg]
[templates.iqonic.design/coinex-dist/dashboard/assets/images/page-img/09.jpg]
[templates.iqonic.design/coinex-dist/dashboard/ui-elements/ui-cards.html]
[templates.iqonic.design/coinex-dist/dashboard/assets/images/page-img/img-1.jpg]
[templates.iqonic.design/coinex-dist/dashboard/ui-elements/ui-carousel.html]
[templates.iqonic.design/coinex-dist/dashboard/ui-elements/ui-grid.html]
[templates.iqonic.design/coinex-dist/dashboard/ui-elements/ui-helper-classes.html]
[templates.iqonic.design/coinex-dist/dashboard/assets/images/small/img-1.jpg]
[templates.iqonic.design/coinex-dist/dashboard/assets/images/page-img/15.jpg]
[templates.iqonic.design/coinex-dist/dashboard/assets/images/page-img/16.jpg]
[templates.iqonic.design/coinex-dist/dashboard/assets/images/page-img/17.jpg]
[templates.iqonic.design/coinex-dist/dashboard/assets/images/page-img/18.jpg]
[templates.iqonic.design/coinex-dist/dashboard/assets/images/page-img/19.jpg]
[templates.iqonic.design/coinex-dist/dashboard/assets/images/page-img/20.jpg]
[templates.iqonic.design/coinex-dist/dashboard/assets/images/page-img/10.jpg]
[templates.iqonic.design/coinex-dist/dashboard/assets/images/page-img/11.jpg]
[templates.iqonic.design/coinex-dist/dashboard/assets/images/page-img/12.jpg]
[templates.iqonic.design/coinex-dist/dashboard/assets/images/page-img/13.jpg]
[templates.iqonic.design/coinex-dist/dashboard/assets/images/page-img/14.jpg]
[templates.iqonic.design/coinex-dist/dashboard/assets/images/page-img/21.jpg]
[templates.iqonic.design/coinex-dist/dashboard/assets/images/page-img/22.jpg]
[templates.iqonic.design/coinex-dist/dashboard/assets/images/page-img/23.jpg]
[templates.iqonic.design/coinex-dist/dashboard/assets/images/page-img/24.jpg]
[templates.iqonic.design/coinex-dist/dashboard/ui-elements/ui-images.html]
[templates.iqonic.design/coinex-dist/dashboard/ui-elements/ui-list-group.html]
[templates.iqonic.design/coinex-dist/dashboard/ui-elements/ui-modal.html]
[templates.iqonic.design/coinex-dist/dashboard/ui-elements/ui-notifications.html]
[templates.iqonic.design/coinex-dist/dashboard/ui-elements/ui-pagination.html]
[templates.iqonic.design/coinex-dist/dashboard/ui-elements/ui-popovers.html]
[templates.iqonic.design/coinex-dist/dashboard/ui-elements/ui-typography.html]
[templates.iqonic.design/coinex-dist/dashboard/ui-elements/ui-tabs.html]
[templates.iqonic.design/coinex-dist/dashboard/ui-elements/ui-tooltips.html]
[templates.iqonic.design/coinex-dist/dashboard/ui-elements/ui-embed-video.html]
[templates.iqonic.design/coinex-dist/dashboard/widget/widgetbasic.html]
[templates.iqonic.design/coinex-dist/dashboard/assets/images/icons/01.png]
[templates.iqonic.design/coinex-dist/dashboard/assets/images/icons/02.png]
[templates.iqonic.design/coinex-dist/dashboard/assets/images/icons/03.png]
[templates.iqonic.design/coinex-dist/dashboard/assets/images/icons/04.png]
[templates.iqonic.design/coinex-dist/dashboard/assets/images/icons/05.png]
[templates.iqonic.design/coinex-dist/dashboard/assets/images/icons/06.png]
[templates.iqonic.design/coinex-dist/dashboard/assets/images/icons/07.png]
[templates.iqonic.design/coinex-dist/dashboard/assets/images/icons/08.png]
[templates.iqonic.design/coinex-dist/dashboard/widget/widgetcard.html]
[templates.iqonic.design/coinex-dist/dashboard/maps/google.html]
[templates.iqonic.design/coinex-dist/dashboard/maps/vector.html]
[templates.iqonic.design/coinex-dist/dashboard/form/form-element.html]
[templates.iqonic.design/coinex-dist/dashboard/assets/images/pages/img-success.png]
[templates.iqonic.design/coinex-dist/dashboard/form/form-wizard.html]
[templates.iqonic.design/coinex-dist/dashboard/form/form-validation.html]
[templates.iqonic.design/coinex-dist/dashboard/table/bootstrap-table.html]
[templates.iqonic.design/coinex-dist/dashboard/table/table-data.html]
[templates.iqonic.design/coinex-dist/dashboard/icons/solid.html]
[templates.iqonic.design/coinex-dist/dashboard/icons/outline.html]
[templates.iqonic.design/coinex-dist/dashboard/icons/dual-tone.html]
[templates.iqonic.design/coinex-dist/dashboard/extra/privacy-policy.html]
[templates.iqonic.design/coinex-dist/dashboard/extra/terms-of-service.html]
